<!DOCTYPE html>
<html>
<head>
<title></title>
<meta charset="UTF-8">
<meta name="viewport" content="width=device-width, initial-scale=1">
<style type="text/css">
            body {
                font-family: 'wf_SegoeUI', 'Segoe UI', 'Segoe', 'Segoe WP', 'Tahoma',
                    'Verdana', 'Arial', 'sans-serif';
                font-size: 16px;
                color: #3B393A;
            }

            table {
                border-collapse: collapse;
            }

            table tr td:first-child {
                background-color: rgb(230, 230, 230);
            }

            table tr td:last-child {
                background-color: rgb(250, 250, 250);
            }

            table, th, td {
                border: 1px solid black;
            }
        </style>
</head>
<body>
<h1>Data Export</h1>
<h2>User Profile</h2>
<table>
<tbody>

<tr>
<td><strong>Username</strong></td>
<td>testuser1</td>
</tr>
<tr>
<td><strong>Last Name</strong></td>
<td>Doe</td>
</tr>
<tr>
<td><strong>First Name</strong></td>
<td>John</td>
</tr>
<tr>
<td><strong>E-Mail</strong></td>
<td>foo@bar.de</td>
</tr>
<tr>
<td><strong>Homepage</strong></td>
<td>-</td>
</tr>
<tr>
<td><strong>About me</strong></td>
<td>-</td>
</tr>


</tbody>
</table>

</body>
</html>
