<!DOCTYPE html PUBLIC "-//W3C//DTD HTML 4.0 Transitional//EN" "http://www.w3.org/TR/REC-html40/loose.dtd">
<html><body>
<form action="?action=module_settings&amp;module=personal_data_export" autocomplete="off">
<input type="hidden" name="action" value="module_settings"> <input type="hidden" name="module" value="personal_data_export"> <p>
<strong>Name or E-Mail Address</strong> <br> <input type="search" name="search" value="">
</p>
<div>
<button type="submit" class="btn btn-primary"><i class="fa fa-search" aria-hidden="true"></i>
Search</button>
</div>
</form>
<script>Translation={};Translation.AskForDelete="Really delete this?";</script>
</body></html>
